
> atiha@1.0.0 build
> next build

   Ôû▓ Next.js 15.5.3
   - Environments: .env.local
   - Experiments (use with caution):
     ┬À optimizePackageImports

   Creating an optimized production build ...
node.exe :  ÔÜá Compiled with warnings in 7.1s
Au caractère C:\Program Files\nodejs\npm.ps1:29 : 3
+   & $NODE_EXE $NPM_CLI_JS $args
+   ~~~~~~~~~~~~~~~~~~~~~~~~~~~~~
    + CategoryInfo          : NotSpecified: ( ÔÜá Compiled with warnings in 7.1s:String) [], RemoteException
    + FullyQualifiedErrorId : NativeCommandError
 

./src/components/AdminTestsPanel.tsx
Critical dependency: the request of a dependency is an expression

Import trace for requested module:
./src/components/AdminTestsPanel.tsx
./src/app/admin/errors/page.tsx

./src/components/AdminTestsPanel.tsx
Critical dependency: the request of a dependency is an expression

Import trace for requested module:
./src/components/AdminTestsPanel.tsx
./src/app/admin/errors/page.tsx

   Linting and checking validity of types ...

 ÔÜá The Next.js plugin was not detected in your ESLint configuration. See 
https://nextjs.org/docs/app/api-reference/config/eslint#migrating-existing-config

Failed to compile.

./src/app/admin/add-content/page.tsx
24:11  Warning: 'admin' is assigned a value but never used.  @typescript-eslint/no-unused-vars
74:67  Warning: Unexpected any. Specify a different type.  @typescript-eslint/no-explicit-any
280:16  Warning: 'error' is defined but never used.  @typescript-eslint/no-unused-vars
348:14  Warning: 'error' is defined but never used.  @typescript-eslint/no-unused-vars

./src/app/admin/dashboard/page.tsx
30:10  Warning: 'AdminPermission' is defined but never used.  @typescript-eslint/no-unused-vars
37:10  Warning: 'isLoading' is assigned a value but never used.  @typescript-eslint/no-unused-vars
64:6  Warning: React Hook useEffect has a missing dependency: 'admin.username'. Either include it or remove the 
dependency array.  react-hooks/exhaustive-deps

./src/app/admin/errors/page.tsx
37:6  Warning: React Hook useEffect has a missing dependency: 'loadData'. Either include it or remove the dependency 
array.  react-hooks/exhaustive-deps

./src/app/admin/import/page.tsx
13:11  Warning: 'admin' is assigned a value but never used.  @typescript-eslint/no-unused-vars
47:30  Warning: Unexpected any. Specify a different type.  @typescript-eslint/no-explicit-any
117:30  Warning: Unexpected any. Specify a different type.  @typescript-eslint/no-explicit-any
120:62  Warning: Unexpected any. Specify a different type.  @typescript-eslint/no-explicit-any
121:43  Warning: Unexpected any. Specify a different type.  @typescript-eslint/no-explicit-any
134:41  Warning: Unexpected any. Specify a different type.  @typescript-eslint/no-explicit-any
231:41  Warning: Unexpected any. Specify a different type.  @typescript-eslint/no-explicit-any
295:58  Warning: Unexpected any. Specify a different type.  @typescript-eslint/no-explicit-any

./src/app/admin/login/page.tsx
19:10  Warning: 'errorDetails' is assigned a value but never used.  @typescript-eslint/no-unused-vars
65:21  Warning: Unexpected any. Specify a different type.  @typescript-eslint/no-explicit-any

./src/app/admin/premium/page.tsx
141:10  Warning: 'isUpdatingPaymentLinks' is assigned a value but never used.  @typescript-eslint/no-unused-vars
363:9  Warning: 'updatePaymentLinks' is assigned a value but never used.  @typescript-eslint/no-unused-vars
544:9  Warning: 'isExpired' is assigned a value but never used.  @typescript-eslint/no-unused-vars

./src/app/admin/reset-password/page.tsx
65:14  Warning: 'error' is defined but never used.  @typescript-eslint/no-unused-vars

./src/app/admin/security/page.tsx
34:10  Warning: 'isRestoring' is assigned a value but never used.  @typescript-eslint/no-unused-vars
123:9  Warning: 'handleRestoreBackup' is assigned a value but never used.  @typescript-eslint/no-unused-vars

./src/app/admin/users/page.tsx
43:6  Warning: React Hook useEffect has a missing dependency: 'filterUsers'. Either include it or remove the 
dependency array.  react-hooks/exhaustive-deps
391:70  Warning: Unexpected any. Specify a different type.  @typescript-eslint/no-explicit-any

./src/app/animes/page.tsx
18:10  Warning: 'PlayIcon' is defined but never used.  @typescript-eslint/no-unused-vars
18:87  Warning: 'UserCircleIcon' is defined but never used.  @typescript-eslint/no-unused-vars
18:145  Warning: 'ChatBubbleLeftRightIcon' is defined but never used.  @typescript-eslint/no-unused-vars
62:6  Warning: React Hook useEffect has a missing dependency: 'applyFilters'. Either include it or remove the 
dependency array.  react-hooks/exhaustive-deps

./src/app/collection/page.tsx
18:10  Warning: 'PlayIcon' is defined but never used.  @typescript-eslint/no-unused-vars
64:6  Warning: React Hook useEffect has a missing dependency: 'applyFilters'. Either include it or remove the 
dependency array.  react-hooks/exhaustive-deps
338:42  Error: `'` can be escaped with `&apos;`, `&lsquo;`, `&#39;`, `&rsquo;`.  react/no-unescaped-entities
402:35  Warning: 'results' is defined but never used.  @typescript-eslint/no-unused-vars

./src/app/content/[id]/page.tsx
12:10  Warning: 'ArrowLeftIcon' is defined but never used.  @typescript-eslint/no-unused-vars

./src/app/dashboard/page.tsx
19:3  Warning: 'HomeIcon' is defined but never used.  @typescript-eslint/no-unused-vars
20:3  Warning: 'FilmIcon' is defined but never used.  @typescript-eslint/no-unused-vars
21:3  Warning: 'TvIcon' is defined but never used.  @typescript-eslint/no-unused-vars
29:3  Warning: 'ComputerDesktopIcon' is defined but never used.  @typescript-eslint/no-unused-vars
30:3  Warning: 'FireIcon' is defined but never used.  @typescript-eslint/no-unused-vars
31:3  Warning: 'BookOpenIcon' is defined but never used.  @typescript-eslint/no-unused-vars
32:3  Warning: 'SparklesIcon' is defined but never used.  @typescript-eslint/no-unused-vars
54:9  Warning: 'router' is assigned a value but never used.  @typescript-eslint/no-unused-vars
61:20  Warning: 'setWishlist' is assigned a value but never used.  @typescript-eslint/no-unused-vars
120:6  Warning: React Hook useEffect has a missing dependency: 'applyFilters'. Either include it or remove the 
dependency array.  react-hooks/exhaustive-deps
288:24  Warning: Unexpected any. Specify a different type.  @typescript-eslint/no-explicit-any
289:25  Warning: Unexpected any. Specify a different type.  @typescript-eslint/no-explicit-any
300:24  Warning: Unexpected any. Specify a different type.  @typescript-eslint/no-explicit-any
301:25  Warning: Unexpected any. Specify a different type.  @typescript-eslint/no-explicit-any
410:6  Warning: React Hook useEffect has a missing dependency: 'nextSlide'. Either include it or remove the dependency 
array.  react-hooks/exhaustive-deps
490:50  Warning: Unexpected any. Specify a different type.  @typescript-eslint/no-explicit-any
572:92  Warning: Unexpected any. Specify a different type.  @typescript-eslint/no-explicit-any
578:95  Warning: Unexpected any. Specify a different type.  @typescript-eslint/no-explicit-any
586:32  Warning: Unexpected any. Specify a different type.  @typescript-eslint/no-explicit-any
587:29  Warning: Unexpected any. Specify a different type.  @typescript-eslint/no-explicit-any
591:23  Warning: Using `<img>` could result in slower LCP and higher bandwidth. Consider using `<Image />` from 
`next/image` or a custom image loader to automatically optimize images. This may incur additional usage or cost from 
your provider. See: https://nextjs.org/docs/messages/no-img-element  @next/next/no-img-element
690:37  Warning: Unexpected any. Specify a different type.  @typescript-eslint/no-explicit-any
691:38  Warning: Unexpected any. Specify a different type.  @typescript-eslint/no-explicit-any
692:34  Warning: Unexpected any. Specify a different type.  @typescript-eslint/no-explicit-any
692:39  Warning: 'index' is defined but never used.  @typescript-eslint/no-unused-vars
696:27  Warning: Using `<img>` could result in slower LCP and higher bandwidth. Consider using `<Image />` from 
`next/image` or a custom image loader to automatically optimize images. This may incur additional usage or cost from 
your provider. See: https://nextjs.org/docs/messages/no-img-element  @next/next/no-img-element
763:35  Warning: Unexpected any. Specify a different type.  @typescript-eslint/no-explicit-any
764:36  Warning: Unexpected any. Specify a different type.  @typescript-eslint/no-explicit-any
767:39  Warning: Unexpected any. Specify a different type.  @typescript-eslint/no-explicit-any
768:40  Warning: Unexpected any. Specify a different type.  @typescript-eslint/no-explicit-any
924:66  Warning: Unexpected any. Specify a different type.  @typescript-eslint/no-explicit-any
933:23  Warning: Using `<img>` could result in slower LCP and higher bandwidth. Consider using `<Image />` from 
`next/image` or a custom image loader to automatically optimize images. This may incur additional usage or cost from 
your provider. See: https://nextjs.org/docs/messages/no-img-element  @next/next/no-img-element
986:64  Warning: Unexpected any. Specify a different type.  @typescript-eslint/no-explicit-any
1066:39  Error: `'` can be escaped with `&apos;`, `&lsquo;`, `&#39;`, `&rsquo;`.  react/no-unescaped-entities
1066:67  Error: `'` can be escaped with `&apos;`, `&lsquo;`, `&#39;`, `&rsquo;`.  react/no-unescaped-entities
1147:17  Warning: Using `<img>` could result in slower LCP and higher bandwidth. Consider using `<Image />` from 
`next/image` or a custom image loader to automatically optimize images. This may incur additional usage or cost from 
your provider. See: https://nextjs.org/docs/messages/no-img-element  @next/next/no-img-element
2313:42  Error: `'` can be escaped with `&apos;`, `&lsquo;`, `&#39;`, `&rsquo;`.  react/no-unescaped-entities

./src/app/divertissements/page.tsx
18:10  Warning: 'PlayIcon' is defined but never used.  @typescript-eslint/no-unused-vars
18:90  Warning: 'UserCircleIcon' is defined but never used.  @typescript-eslint/no-unused-vars
18:148  Warning: 'ChatBubbleLeftRightIcon' is defined but never used.  @typescript-eslint/no-unused-vars
18:173  Warning: 'HeartIcon' is defined but never used.  @typescript-eslint/no-unused-vars
62:6  Warning: React Hook useEffect has a missing dependency: 'applyFilters'. Either include it or remove the 
dependency array.  react-hooks/exhaustive-deps

./src/app/documentaires/page.tsx
18:10  Warning: 'PlayIcon' is defined but never used.  @typescript-eslint/no-unused-vars
18:94  Warning: 'UserCircleIcon' is defined but never used.  @typescript-eslint/no-unused-vars
18:152  Warning: 'ChatBubbleLeftRightIcon' is defined but never used.  @typescript-eslint/no-unused-vars
18:177  Warning: 'HeartIcon' is defined but never used.  @typescript-eslint/no-unused-vars
62:6  Warning: React Hook useEffect has a missing dependency: 'applyFilters'. Either include it or remove the 
dependency array.  react-hooks/exhaustive-deps

./src/app/download/page.tsx
9:3  Warning: 'ArrowDownTrayIcon' is defined but never used.  @typescript-eslint/no-unused-vars
16:3  Warning: 'UserIcon' is defined but never used.  @typescript-eslint/no-unused-vars
18:8  Warning: 'PWAInstaller' is defined but never used.  @typescript-eslint/no-unused-vars
24:56  Warning: Unexpected any. Specify a different type.  @typescript-eslint/no-explicit-any
25:10  Warning: 'isInstalled' is assigned a value but never used.  @typescript-eslint/no-unused-vars
26:10  Warning: 'isStandalone' is assigned a value but never used.  @typescript-eslint/no-unused-vars
28:11  Warning: 'user' is assigned a value but never used.  @typescript-eslint/no-unused-vars
37:44  Warning: Unexpected any. Specify a different type.  @typescript-eslint/no-explicit-any

./src/app/films/page.tsx
18:10  Warning: 'PlayIcon' is defined but never used.  @typescript-eslint/no-unused-vars
18:30  Warning: 'FilmIcon' is defined but never used.  @typescript-eslint/no-unused-vars
63:6  Warning: React Hook useEffect has a missing dependency: 'applyFilters'. Either include it or remove the 
dependency array.  react-hooks/exhaustive-deps
305:42  Error: `'` can be escaped with `&apos;`, `&lsquo;`, `&#39;`, `&rsquo;`.  react/no-unescaped-entities
367:35  Warning: 'results' is defined but never used.  @typescript-eslint/no-unused-vars

./src/app/jeux/page.tsx
18:10  Warning: 'PlayIcon' is defined but never used.  @typescript-eslint/no-unused-vars
18:97  Warning: 'UserCircleIcon' is defined but never used.  @typescript-eslint/no-unused-vars
18:155  Warning: 'ChatBubbleLeftRightIcon' is defined but never used.  @typescript-eslint/no-unused-vars
18:180  Warning: 'HeartIcon' is defined but never used.  @typescript-eslint/no-unused-vars
62:6  Warning: React Hook useEffect has a missing dependency: 'applyFilters'. Either include it or remove the 
dependency array.  react-hooks/exhaustive-deps

./src/app/login/page.tsx
18:10  Warning: 'errorDetails' is assigned a value but never used.  @typescript-eslint/no-unused-vars
48:41  Warning: Unexpected any. Specify a different type.  @typescript-eslint/no-explicit-any
77:21  Warning: Unexpected any. Specify a different type.  @typescript-eslint/no-explicit-any

./src/app/page.tsx
4:46  Warning: 'ChatBubbleLeftRightIcon' is defined but never used.  @typescript-eslint/no-unused-vars
26:40  Warning: Unexpected any. Specify a different type.  @typescript-eslint/no-explicit-any
27:40  Warning: Unexpected any. Specify a different type.  @typescript-eslint/no-explicit-any
28:48  Warning: Unexpected any. Specify a different type.  @typescript-eslint/no-explicit-any
121:73  Warning: Unexpected any. Specify a different type.  @typescript-eslint/no-explicit-any
356:31  Warning: Unexpected any. Specify a different type.  @typescript-eslint/no-explicit-any
357:28  Warning: Unexpected any. Specify a different type.  @typescript-eslint/no-explicit-any
365:19  Warning: Using `<img>` could result in slower LCP and higher bandwidth. Consider using `<Image />` from 
`next/image` or a custom image loader to automatically optimize images. This may incur additional usage or cost from 
your provider. See: https://nextjs.org/docs/messages/no-img-element  @next/next/no-img-element
425:59  Warning: Unexpected any. Specify a different type.  @typescript-eslint/no-explicit-any
428:35  Warning: Unexpected any. Specify a different type.  @typescript-eslint/no-explicit-any
429:32  Warning: Unexpected any. Specify a different type.  @typescript-eslint/no-explicit-any
707:35  Error: `'` can be escaped with `&apos;`, `&lsquo;`, `&#39;`, `&rsquo;`.  react/no-unescaped-entities
893:95  Warning: 'index' is defined but never used.  @typescript-eslint/no-unused-vars
931:92  Warning: 'index' is defined but never used.  @typescript-eslint/no-unused-vars
969:92  Warning: 'index' is defined but never used.  @typescript-eslint/no-unused-vars
1000:149  Warning: 'index' is defined but never used.  @typescript-eslint/no-unused-vars
1038:151  Warning: 'index' is defined but never used.  @typescript-eslint/no-unused-vars
1076:151  Warning: 'index' is defined but never used.  @typescript-eslint/no-unused-vars
1114:154  Warning: 'index' is defined but never used.  @typescript-eslint/no-unused-vars
1152:158  Warning: 'index' is defined but never used.  @typescript-eslint/no-unused-vars
1190:160  Warning: 'index' is defined but never used.  @typescript-eslint/no-unused-vars
1428:42  Warning: Unexpected any. Specify a different type.  @typescript-eslint/no-explicit-any
1429:39  Warning: Unexpected any. Specify a different type.  @typescript-eslint/no-explicit-any

./src/app/payment-success/page.tsx
10:10  Warning: 'isActivating' is assigned a value but never used.  @typescript-eslint/no-unused-vars
21:14  Warning: '_' is defined but never used.  @typescript-eslint/no-unused-vars
25:11  Warning: 'duration' is assigned a value but never used.  @typescript-eslint/no-unused-vars
102:6  Warning: React Hook useEffect has a missing dependency: 'redirectToApp'. Either include it or remove the 
dependency array.  react-hooks/exhaustive-deps
111:16  Warning: '_' is defined but never used.  @typescript-eslint/no-unused-vars

./src/app/profile/page.tsx
95:14  Warning: 'error' is defined but never used.  @typescript-eslint/no-unused-vars

./src/app/register/page.tsx
102:14  Warning: 'error' is defined but never used.  @typescript-eslint/no-unused-vars

./src/app/reset-password/page.tsx
13:10  Warning: 'currentPassword' is assigned a value but never used.  @typescript-eslint/no-unused-vars
42:14  Warning: 'error' is defined but never used.  @typescript-eslint/no-unused-vars
70:14  Warning: 'error' is defined but never used.  @typescript-eslint/no-unused-vars
110:14  Warning: 'error' is defined but never used.  @typescript-eslint/no-unused-vars

./src/app/series/page.tsx
18:10  Warning: 'PlayIcon' is defined but never used.  @typescript-eslint/no-unused-vars
18:30  Warning: 'TvIcon' is defined but never used.  @typescript-eslint/no-unused-vars
61:6  Warning: React Hook useEffect has a missing dependency: 'applyFilters'. Either include it or remove the 
dependency array.  react-hooks/exhaustive-deps
228:42  Error: `'` can be escaped with `&apos;`, `&lsquo;`, `&#39;`, `&rsquo;`.  react/no-unescaped-entities
290:35  Warning: 'results' is defined but never used.  @typescript-eslint/no-unused-vars

./src/app/settings/page.tsx
16:11  Warning: 'user' is assigned a value but never used.  @typescript-eslint/no-unused-vars

./src/app/sports/page.tsx
18:10  Warning: 'PlayIcon' is defined but never used.  @typescript-eslint/no-unused-vars
18:88  Warning: 'UserCircleIcon' is defined but never used.  @typescript-eslint/no-unused-vars
18:146  Warning: 'ChatBubbleLeftRightIcon' is defined but never used.  @typescript-eslint/no-unused-vars
18:171  Warning: 'HeartIcon' is defined but never used.  @typescript-eslint/no-unused-vars
62:6  Warning: React Hook useEffect has a missing dependency: 'applyFilters'. Either include it or remove the 
dependency array.  react-hooks/exhaustive-deps

./src/app/subscription/page.tsx
6:57  Warning: 'StarIcon' is defined but never used.  @typescript-eslint/no-unused-vars
25:74  Warning: Unexpected any. Specify a different type.  @typescript-eslint/no-explicit-any
45:6  Warning: React Hook useEffect has a missing dependency: 'loadActivatedCodesThisMonth'. Either include it or 
remove the dependency array.  react-hooks/exhaustive-deps
99:14  Warning: 'error' is defined but never used.  @typescript-eslint/no-unused-vars
155:18  Warning: '_' is defined but never used.  @typescript-eslint/no-unused-vars
174:18  Warning: '_' is defined but never used.  @typescript-eslint/no-unused-vars
183:6  Warning: React Hook useEffect has a missing dependency: 'loadActivatedCodesThisMonth'. Either include it or 
remove the dependency array.  react-hooks/exhaustive-deps
532:48  Warning: 'index' is defined but never used.  @typescript-eslint/no-unused-vars

./src/app/tendances/page.tsx
18:10  Warning: 'PlayIcon' is defined but never used.  @typescript-eslint/no-unused-vars
18:86  Warning: 'UserCircleIcon' is defined but never used.  @typescript-eslint/no-unused-vars
18:144  Warning: 'ChatBubbleLeftRightIcon' is defined but never used.  @typescript-eslint/no-unused-vars
18:169  Warning: 'HeartIcon' is defined but never used.  @typescript-eslint/no-unused-vars
62:6  Warning: React Hook useEffect has a missing dependency: 'applyFilters'. Either include it or remove the 
dependency array.  react-hooks/exhaustive-deps

./src/app/watch/[id]/page.tsx
20:11  Warning: 'user' is assigned a value but never used.  @typescript-eslint/no-unused-vars
26:58  Warning: Unexpected any. Specify a different type.  @typescript-eslint/no-explicit-any

./src/components/admin/SocialLinksEditor.tsx
289:25  Warning: '_' is defined but never used.  @typescript-eslint/no-unused-vars

./src/components/AdminContentGallery.tsx
8:8  Warning: 'Image' is defined but never used.  @typescript-eslint/no-unused-vars
363:22  Warning: 'error' is defined but never used.  @typescript-eslint/no-unused-vars
721:23  Warning: Using `<img>` could result in slower LCP and higher bandwidth. Consider using `<Image />` from 
`next/image` or a custom image loader to automatically optimize images. This may incur additional usage or cost from 
your provider. See: https://nextjs.org/docs/messages/no-img-element  @next/next/no-img-element

./src/components/AdminManagement.tsx
4:17  Warning: 'AdminPermission' is defined but never used.  @typescript-eslint/no-unused-vars
4:34  Warning: 'AVAILABLE_PERMISSIONS' is defined but never used.  @typescript-eslint/no-unused-vars

./src/components/AdminModals.tsx
12:3  Warning: 'CheckIcon' is defined but never used.  @typescript-eslint/no-unused-vars
13:3  Warning: 'PlusIcon' is defined but never used.  @typescript-eslint/no-unused-vars
14:3  Warning: 'ChevronDownIcon' is defined but never used.  @typescript-eslint/no-unused-vars
103:14  Warning: 'error' is defined but never used.  @typescript-eslint/no-unused-vars
118:9  Warning: 'handlePermissionToggle' is assigned a value but never used.  @typescript-eslint/no-unused-vars
127:9  Warning: 'handleSelectAllPermissions' is assigned a value but never used.  @typescript-eslint/no-unused-vars
134:9  Warning: 'handleDeselectAllPermissions' is assigned a value but never used.  @typescript-eslint/no-unused-vars
292:10  Warning: 'isPermissionsDropdownOpen' is assigned a value but never used.  @typescript-eslint/no-unused-vars
339:25  Warning: Unexpected any. Specify a different type.  @typescript-eslint/no-explicit-any
358:14  Warning: 'error' is defined but never used.  @typescript-eslint/no-unused-vars
373:9  Warning: 'handlePermissionToggle' is assigned a value but never used.  @typescript-eslint/no-unused-vars
382:9  Warning: 'handleSelectAllPermissions' is assigned a value but never used.  @typescript-eslint/no-unused-vars
389:9  Warning: 'handleDeselectAllPermissions' is assigned a value but never used.  @typescript-eslint/no-unused-vars
577:14  Warning: 'error' is defined but never used.  @typescript-eslint/no-unused-vars

./src/components/AdminTestsPanel.tsx
10:3  Warning: 'DocumentCheckIcon' is defined but never used.  @typescript-eslint/no-unused-vars
11:3  Warning: 'LockClosedIcon' is defined but never used.  @typescript-eslint/no-unused-vars
109:14  Warning: 'error' is defined but never used.  @typescript-eslint/no-unused-vars
125:14  Warning: 'error' is defined but never used.  @typescript-eslint/no-unused-vars
141:14  Warning: 'error' is defined but never used.  @typescript-eslint/no-unused-vars
151:13  Warning: 'hasRateLimiting' is assigned a value but never used.  @typescript-eslint/no-unused-vars
159:14  Warning: 'error' is defined but never used.  @typescript-eslint/no-unused-vars
189:14  Warning: 'error' is defined but never used.  @typescript-eslint/no-unused-vars
222:14  Warning: 'error' is defined but never used.  @typescript-eslint/no-unused-vars
236:14  Warning: 'error' is defined but never used.  @typescript-eslint/no-unused-vars
263:14  Warning: 'error' is defined but never used.  @typescript-eslint/no-unused-vars
276:13  Warning: 'isProtected' is assigned a value but never used.  @typescript-eslint/no-unused-vars
283:14  Warning: 'error' is defined but never used.  @typescript-eslint/no-unused-vars
321:14  Warning: 'error' is defined but never used.  @typescript-eslint/no-unused-vars
358:14  Warning: 'error' is defined but never used.  @typescript-eslint/no-unused-vars
394:16  Warning: 'error' is defined but never used.  @typescript-eslint/no-unused-vars
401:14  Warning: 'error' is defined but never used.  @typescript-eslint/no-unused-vars

./src/components/AnalyticsDashboard.tsx
13:3  Warning: 'EyeIcon' is defined but never used.  @typescript-eslint/no-unused-vars
28:10  Warning: 'contentAnalytics' is assigned a value but never used.  @typescript-eslint/no-unused-vars

./src/components/AutoPlayControls.tsx
16:3  Warning: 'seriesId' is defined but never used.  @typescript-eslint/no-unused-vars
18:3  Warning: 'onProgressUpdate' is defined but never used.  @typescript-eslint/no-unused-vars
42:6  Warning: React Hook useEffect has a missing dependency: 'startCountdown'. Either include it or remove the 
dependency array.  react-hooks/exhaustive-deps

./src/components/BingeWatchMode.tsx
32:3  Warning: 'currentEpisodeId' is defined but never used.  @typescript-eslint/no-unused-vars

./src/components/CreateAdminModal.tsx
4:10  Warning: 'Admin' is defined but never used.  @typescript-eslint/no-unused-vars
121:14  Warning: 'error' is defined but never used.  @typescript-eslint/no-unused-vars

./src/components/DataManagement.tsx
14:3  Warning: 'InformationCircleIcon' is defined but never used.  @typescript-eslint/no-unused-vars
16:3  Warning: 'ClockIcon' is defined but never used.  @typescript-eslint/no-unused-vars
28:46  Warning: Unexpected any. Specify a different type.  @typescript-eslint/no-explicit-any
37:56  Warning: Unexpected any. Specify a different type.  @typescript-eslint/no-explicit-any
38:10  Warning: 'backupInfo' is assigned a value but never used.  @typescript-eslint/no-unused-vars
38:22  Warning: 'setBackupInfo' is assigned a value but never used.  @typescript-eslint/no-unused-vars
166:9  Warning: 'handleDeleteAll' is assigned a value but never used.  @typescript-eslint/no-unused-vars
548:35  Error: `"` can be escaped with `&quot;`, `&ldquo;`, `&#34;`, `&rdquo;`.  react/no-unescaped-entities
548:45  Error: `"` can be escaped with `&quot;`, `&ldquo;`, `&#34;`, `&rdquo;`.  react/no-unescaped-entities
620:48  Error: `"` can be escaped with `&quot;`, `&ldquo;`, `&#34;`, `&rdquo;`.  react/no-unescaped-entities
620:58  Error: `"` can be escaped with `&quot;`, `&ldquo;`, `&#34;`, `&rdquo;`.  react/no-unescaped-entities
623:47  Error: `"` can be escaped with `&quot;`, `&ldquo;`, `&#34;`, `&rdquo;`.  react/no-unescaped-entities
623:57  Error: `"` can be escaped with `&quot;`, `&ldquo;`, `&#34;`, `&rdquo;`.  react/no-unescaped-entities
623:100  Error: `'` can be escaped with `&apos;`, `&lsquo;`, `&#39;`, `&rsquo;`.  react/no-unescaped-entities

./src/components/DownloadInfo.tsx
9:3  Warning: 'CheckCircleIcon' is defined but never used.  @typescript-eslint/no-unused-vars
23:10  Warning: 'isClient' is assigned a value but never used.  @typescript-eslint/no-unused-vars

./src/components/DownloadManager.tsx
198:58  Warning: Unexpected any. Specify a different type.  @typescript-eslint/no-explicit-any
238:25  Warning: Using `<img>` could result in slower LCP and higher bandwidth. Consider using `<Image />` from 
`next/image` or a custom image loader to automatically optimize images. This may incur additional usage or cost from 
your provider. See: https://nextjs.org/docs/messages/no-img-element  @next/next/no-img-element

./src/components/DownloadSettings.tsx
31:52  Warning: Unexpected any. Specify a different type.  @typescript-eslint/no-explicit-any

./src/components/EditAdminModal.tsx
89:25  Warning: Unexpected any. Specify a different type.  @typescript-eslint/no-explicit-any
108:14  Warning: 'error' is defined but never used.  @typescript-eslint/no-unused-vars

./src/components/EditContentModal.tsx
7:8  Warning: 'VideoPlayer' is defined but never used.  @typescript-eslint/no-unused-vars
55:52  Warning: Unexpected any. Specify a different type.  @typescript-eslint/no-explicit-any
424:16  Warning: 'error' is defined but never used.  @typescript-eslint/no-unused-vars
1162:29  Error: `'` can be escaped with `&apos;`, `&lsquo;`, `&#39;`, `&rsquo;`.  react/no-unescaped-entities
1215:26  Error: `'` can be escaped with `&apos;`, `&lsquo;`, `&#39;`, `&rsquo;`.  react/no-unescaped-entities

./src/components/EnhancedVideoPlayer.tsx
26:3  Warning: 'onProgressUpdate' is defined but never used.  @typescript-eslint/no-unused-vars
32:10  Warning: 'hasError' is assigned a value but never used.  @typescript-eslint/no-unused-vars
33:10  Warning: 'errorMessage' is assigned a value but never used.  @typescript-eslint/no-unused-vars

./src/components/EpisodeNavigator.tsx
7:3  Warning: 'ClockIcon' is defined but never used.  @typescript-eslint/no-unused-vars
27:3  Warning: 'watchProgress' is defined but never used.  @typescript-eslint/no-unused-vars
81:9  Warning: 'formatDuration' is assigned a value but never used.  @typescript-eslint/no-unused-vars
230:31  Warning: Using `<img>` could result in slower LCP and higher bandwidth. Consider using `<Image />` from 
`next/image` or a custom image loader to automatically optimize images. This may incur additional usage or cost from 
your provider. See: https://nextjs.org/docs/messages/no-img-element  @next/next/no-img-element

./src/components/GlobalFooter.tsx
8:3  Warning: 'ChatBubbleLeftRightIcon' is defined but never used.  @typescript-eslint/no-unused-vars
132:29  Warning: '_' is defined but never used.  @typescript-eslint/no-unused-vars

./src/components/HeaderStatusIndicator.tsx
5:3  Warning: 'WifiIcon' is defined but never used.  @typescript-eslint/no-unused-vars

./src/components/HLSConfiguration.tsx
95:68  Warning: Unexpected any. Specify a different type.  @typescript-eslint/no-explicit-any
99:66  Warning: Unexpected any. Specify a different type.  @typescript-eslint/no-explicit-any
108:6  Warning: React Hook useEffect has a missing dependency: 'updateConfig'. Either include it or remove the 
dependency array.  react-hooks/exhaustive-deps
157:72  Warning: Unexpected any. Specify a different type.  @typescript-eslint/no-explicit-any
176:71  Warning: Unexpected any. Specify a different type.  @typescript-eslint/no-explicit-any
262:59  Error: `'` can be escaped with `&apos;`, `&lsquo;`, `&#39;`, `&rsquo;`.  react/no-unescaped-entities

./src/components/HLSVideoPlayer.tsx
32:25  Warning: Unexpected any. Specify a different type.  @typescript-eslint/no-explicit-any
36:10  Warning: 'hlsUrl' is assigned a value but never used.  @typescript-eslint/no-unused-vars
43:57  Warning: Unexpected any. Specify a different type.  @typescript-eslint/no-explicit-any
44:29  Warning: Unexpected any. Specify a different type.  @typescript-eslint/no-explicit-any
53:52  Warning: Unexpected any. Specify a different type.  @typescript-eslint/no-explicit-any
86:40  Warning: Unexpected any. Specify a different type.  @typescript-eslint/no-explicit-any
114:44  Warning: Unexpected any. Specify a different type.  @typescript-eslint/no-explicit-any
114:55  Warning: Unexpected any. Specify a different type.  @typescript-eslint/no-explicit-any
155:42  Warning: 'e' is defined but never used.  @typescript-eslint/no-unused-vars
205:6  Warning: React Hook useEffect has a missing dependency: 'error'. Either include it or remove the dependency 
array.  react-hooks/exhaustive-deps

./src/components/HomepageEditor.tsx
552:34  Error: `'` can be escaped with `&apos;`, `&lsquo;`, `&#39;`, `&rsquo;`.  react/no-unescaped-entities
554:78  Error: `'` can be escaped with `&apos;`, `&lsquo;`, `&#39;`, `&rsquo;`.  react/no-unescaped-entities
626:96  Error: `'` can be escaped with `&apos;`, `&lsquo;`, `&#39;`, `&rsquo;`.  react/no-unescaped-entities
815:69  Warning: Unexpected any. Specify a different type.  @typescript-eslint/no-explicit-any
827:99  Warning: Unexpected any. Specify a different type.  @typescript-eslint/no-explicit-any
847:95  Error: `'` can be escaped with `&apos;`, `&lsquo;`, `&#39;`, `&rsquo;`.  react/no-unescaped-entities
852:96  Warning: Unexpected any. Specify a different type.  @typescript-eslint/no-explicit-any
881:96  Warning: Unexpected any. Specify a different type.  @typescript-eslint/no-explicit-any
907:59  Error: `"` can be escaped with `&quot;`, `&ldquo;`, `&#34;`, `&rdquo;`.  react/no-unescaped-entities
907:76  Error: `"` can be escaped with `&quot;`, `&ldquo;`, `&#34;`, `&rdquo;`.  react/no-unescaped-entities
934:53  Error: `'` can be escaped with `&apos;`, `&lsquo;`, `&#39;`, `&rsquo;`.  react/no-unescaped-entities
951:79  Error: `'` can be escaped with `&apos;`, `&lsquo;`, `&#39;`, `&rsquo;`.  react/no-unescaped-entities
1095:60  Error: `'` can be escaped with `&apos;`, `&lsquo;`, `&#39;`, `&rsquo;`.  react/no-unescaped-entities
1264:60  Error: `'` can be escaped with `&apos;`, `&lsquo;`, `&#39;`, `&rsquo;`.  react/no-unescaped-entities
1329:36  Error: `'` can be escaped with `&apos;`, `&lsquo;`, `&#39;`, `&rsquo;`.  react/no-unescaped-entities
1374:64  Error: `'` can be escaped with `&apos;`, `&lsquo;`, `&#39;`, `&rsquo;`.  react/no-unescaped-entities
1520:60  Error: `'` can be escaped with `&apos;`, `&lsquo;`, `&#39;`, `&rsquo;`.  react/no-unescaped-entities
1568:46  Error: `'` can be escaped with `&apos;`, `&lsquo;`, `&#39;`, `&rsquo;`.  react/no-unescaped-entities
1682:64  Error: `'` can be escaped with `&apos;`, `&lsquo;`, `&#39;`, `&rsquo;`.  react/no-unescaped-entities
1725:87  Error: `'` can be escaped with `&apos;`, `&lsquo;`, `&#39;`, `&rsquo;`.  react/no-unescaped-entities
1785:73  Warning: Unexpected any. Specify a different type.  @typescript-eslint/no-explicit-any
1797:103  Warning: Unexpected any. Specify a different type.  @typescript-eslint/no-explicit-any
1821:102  Warning: Unexpected any. Specify a different type.  @typescript-eslint/no-explicit-any
1844:102  Warning: Unexpected any. Specify a different type.  @typescript-eslint/no-explicit-any
1869:102  Warning: Unexpected any. Specify a different type.  @typescript-eslint/no-explicit-any
1894:73  Error: `"` can be escaped with `&quot;`, `&ldquo;`, `&#34;`, `&rdquo;`.  react/no-unescaped-entities
1894:94  Error: `"` can be escaped with `&quot;`, `&ldquo;`, `&#34;`, `&rdquo;`.  react/no-unescaped-entities
1895:76  Error: `'` can be escaped with `&apos;`, `&lsquo;`, `&#39;`, `&rsquo;`.  react/no-unescaped-entities
1895:104  Error: `'` can be escaped with `&apos;`, `&lsquo;`, `&#39;`, `&rsquo;`.  react/no-unescaped-entities
1919:62  Error: `'` can be escaped with `&apos;`, `&lsquo;`, `&#39;`, `&rsquo;`.  react/no-unescaped-entities
1949:43  Error: `'` can be escaped with `&apos;`, `&lsquo;`, `&#39;`, `&rsquo;`.  react/no-unescaped-entities
2349:107  Error: `'` can be escaped with `&apos;`, `&lsquo;`, `&#39;`, `&rsquo;`.  react/no-unescaped-entities
2370:96  Warning: Unexpected any. Specify a different type.  @typescript-eslint/no-explicit-any
2478:61  Error: `'` can be escaped with `&apos;`, `&lsquo;`, `&#39;`, `&rsquo;`.  react/no-unescaped-entities
2623:30  Error: `'` can be escaped with `&apos;`, `&lsquo;`, `&#39;`, `&rsquo;`.  react/no-unescaped-entities
3143:43  Error: `"` can be escaped with `&quot;`, `&ldquo;`, `&#34;`, `&rdquo;`.  react/no-unescaped-entities
3143:59  Error: `"` can be escaped with `&quot;`, `&ldquo;`, `&#34;`, `&rdquo;`.  react/no-unescaped-entities
3459:31  Error: `'` can be escaped with `&apos;`, `&lsquo;`, `&#39;`, `&rsquo;`.  react/no-unescaped-entities
3522:69  Warning: Unexpected any. Specify a different type.  @typescript-eslint/no-explicit-any
3528:99  Warning: Unexpected any. Specify a different type.  @typescript-eslint/no-explicit-any
3554:98  Warning: Unexpected any. Specify a different type.  @typescript-eslint/no-explicit-any
3580:98  Warning: Unexpected any. Specify a different type.  @typescript-eslint/no-explicit-any
3601:97  Error: `'` can be escaped with `&apos;`, `&lsquo;`, `&#39;`, `&rsquo;`.  react/no-unescaped-entities
3606:98  Warning: Unexpected any. Specify a different type.  @typescript-eslint/no-explicit-any
3632:98  Warning: Unexpected any. Specify a different type.  @typescript-eslint/no-explicit-any
3657:59  Error: `"` can be escaped with `&quot;`, `&ldquo;`, `&#34;`, `&rdquo;`.  react/no-unescaped-entities
3657:76  Error: `"` can be escaped with `&quot;`, `&ldquo;`, `&#34;`, `&rdquo;`.  react/no-unescaped-entities
3676:96  Error: `'` can be escaped with `&apos;`, `&lsquo;`, `&#39;`, `&rsquo;`.  react/no-unescaped-entities
3748:27  Error: `'` can be escaped with `&apos;`, `&lsquo;`, `&#39;`, `&rsquo;`.  react/no-unescaped-entities
3843:75  Warning: Unexpected any. Specify a different type.  @typescript-eslint/no-explicit-any
3849:105  Warning: Unexpected any. Specify a different type.  @typescript-eslint/no-explicit-any
3870:98  Error: `'` can be escaped with `&apos;`, `&lsquo;`, `&#39;`, `&rsquo;`.  react/no-unescaped-entities
3875:104  Warning: Unexpected any. Specify a different type.  @typescript-eslint/no-explicit-any
3907:106  Warning: Unexpected any. Specify a different type.  @typescript-eslint/no-explicit-any
3932:106  Warning: Unexpected any. Specify a different type.  @typescript-eslint/no-explicit-any
3957:106  Warning: Unexpected any. Specify a different type.  @typescript-eslint/no-explicit-any
3982:106  Warning: Unexpected any. Specify a different type.  @typescript-eslint/no-explicit-any
4007:106  Warning: Unexpected any. Specify a different type.  @typescript-eslint/no-explicit-any
4040:49  Warning: Unexpected any. Specify a different type.  @typescript-eslint/no-explicit-any
4048:108  Warning: Unexpected any. Specify a different type.  @typescript-eslint/no-explicit-any
4050:75  Warning: Unexpected any. Specify a different type.  @typescript-eslint/no-explicit-any
4078:104  Warning: Unexpected any. Specify a different type.  @typescript-eslint/no-explicit-any
4080:68  Warning: Unexpected any. Specify a different type.  @typescript-eslint/no-explicit-any
4108:104  Warning: Unexpected any. Specify a different type.  @typescript-eslint/no-explicit-any
4110:68  Warning: Unexpected any. Specify a different type.  @typescript-eslint/no-explicit-any
4133:97  Error: `'` can be escaped with `&apos;`, `&lsquo;`, `&#39;`, `&rsquo;`.  react/no-unescaped-entities
4138:104  Warning: Unexpected any. Specify a different type.  @typescript-eslint/no-explicit-any
4140:68  Warning: Unexpected any. Specify a different type.  @typescript-eslint/no-explicit-any
4168:104  Warning: Unexpected any. Specify a different type.  @typescript-eslint/no-explicit-any
4170:68  Warning: Unexpected any. Specify a different type.  @typescript-eslint/no-explicit-any
4200:59  Error: `"` can be escaped with `&quot;`, `&ldquo;`, `&#34;`, `&rdquo;`.  react/no-unescaped-entities
4200:76  Error: `"` can be escaped with `&quot;`, `&ldquo;`, `&#34;`, `&rdquo;`.  react/no-unescaped-entities
4278:70  Warning: Unexpected any. Specify a different type.  @typescript-eslint/no-explicit-any
4284:100  Warning: Unexpected any. Specify a different type.  @typescript-eslint/no-explicit-any
4309:99  Warning: Unexpected any. Specify a different type.  @typescript-eslint/no-explicit-any
4335:101  Warning: Unexpected any. Specify a different type.  @typescript-eslint/no-explicit-any
4353:97  Error: `'` can be escaped with `&apos;`, `&lsquo;`, `&#39;`, `&rsquo;`.  react/no-unescaped-entities
4358:101  Warning: Unexpected any. Specify a different type.  @typescript-eslint/no-explicit-any
4384:101  Warning: Unexpected any. Specify a different type.  @typescript-eslint/no-explicit-any
4402:100  Error: `'` can be escaped with `&apos;`, `&lsquo;`, `&#39;`, `&rsquo;`.  react/no-unescaped-entities
4407:103  Warning: Unexpected any. Specify a different type.  @typescript-eslint/no-explicit-any
4436:105  Warning: Unexpected any. Specify a different type.  @typescript-eslint/no-explicit-any
4458:105  Warning: Unexpected any. Specify a different type.  @typescript-eslint/no-explicit-any
4480:105  Warning: Unexpected any. Specify a different type.  @typescript-eslint/no-explicit-any
4502:105  Warning: Unexpected any. Specify a different type.  @typescript-eslint/no-explicit-any
4524:105  Warning: Unexpected any. Specify a different type.  @typescript-eslint/no-explicit-any
4558:61  Error: `"` can be escaped with `&quot;`, `&ldquo;`, `&#34;`, `&rdquo;`.  react/no-unescaped-entities
4558:81  Error: `"` can be escaped with `&quot;`, `&ldquo;`, `&#34;`, `&rdquo;`.  react/no-unescaped-entities
4589:62  Warning: Unexpected any. Specify a different type.  @typescript-eslint/no-explicit-any
4682:39  Error: `"` can be escaped with `&quot;`, `&ldquo;`, `&#34;`, `&rdquo;`.  react/no-unescaped-entities
4682:49  Error: `"` can be escaped with `&quot;`, `&ldquo;`, `&#34;`, `&rdquo;`.  react/no-unescaped-entities

./src/components/LazyComponent.tsx
21:3  Warning: 'delay' is assigned a value but never used.  @typescript-eslint/no-unused-vars
26:44  Warning: 'propDelay' is assigned a value but never used.  @typescript-eslint/no-unused-vars
72:13  Error: Do not assign to the variable `module`. See: https://nextjs.org/docs/messages/no-assign-module-variable  
@next/next/no-assign-module-variable

./src/components/LazyImage.tsx
99:9  Warning: Using `<img>` could result in slower LCP and higher bandwidth. Consider using `<Image />` from 
`next/image` or a custom image loader to automatically optimize images. This may incur additional usage or cost from 
your provider. See: https://nextjs.org/docs/messages/no-img-element  @next/next/no-img-element

./src/components/LazyList.tsx
63:6  Warning: React Hook useEffect has a missing dependency: 'loadMore'. Either include it or remove the dependency 
array.  react-hooks/exhaustive-deps

./src/components/NetworkErrorHandler.tsx
13:10  Warning: 'isOnline' is assigned a value but never used.  @typescript-eslint/no-unused-vars
113:42  Warning: Unexpected any. Specify a different type.  @typescript-eslint/no-explicit-any

./src/components/OfflineIndicator.tsx
5:3  Warning: 'WifiIcon' is defined but never used.  @typescript-eslint/no-unused-vars
23:10  Warning: 'showOfflineMessage' is assigned a value but never used.  @typescript-eslint/no-unused-vars

./src/components/OfflineVideoPlayer.tsx
12:3  Warning: 'WifiIcon' is defined but never used.  @typescript-eslint/no-unused-vars
46:6  Warning: React Hook useEffect has missing dependencies: 'loadDownloadInfo' and 'loadOfflineVideo'. Either 
include them or remove the dependency array.  react-hooks/exhaustive-deps
168:6  Warning: React Hook useEffect has a missing dependency: 'handleKeyDown'. Either include it or remove the 
dependency array.  react-hooks/exhaustive-deps

./src/components/PerformanceOptimized.tsx
8:10  Warning: Unexpected any. Specify a different type.  @typescript-eslint/no-explicit-any
11:22  Warning: Unexpected any. Specify a different type.  @typescript-eslint/no-explicit-any
40:24  Warning: React Hook useCallback received a function whose dependencies are unknown. Pass an inline function 
instead.  react-hooks/exhaustive-deps
154:7  Warning: Using `<img>` could result in slower LCP and higher bandwidth. Consider using `<Image />` from 
`next/image` or a custom image loader to automatically optimize images. This may incur additional usage or cost from 
your provider. See: https://nextjs.org/docs/messages/no-img-element  @next/next/no-img-element
177:10  Warning: React Hook useMemo received a function whose dependencies are unknown. Pass an inline function 
instead.  react-hooks/exhaustive-deps
181:58  Warning: Unexpected any. Specify a different type.  @typescript-eslint/no-explicit-any
181:68  Warning: Unexpected any. Specify a different type.  @typescript-eslint/no-explicit-any
185:10  Warning: React Hook useCallback received a function whose dependencies are unknown. Pass an inline function 
instead.  react-hooks/exhaustive-deps
245:3  Warning: React Hook useEffect contains a call to 'setRenderCount'. Without a list of dependencies, this can 
lead to an infinite chain of updates. To fix this, pass [] as a second argument to the useEffect Hook.  
react-hooks/exhaustive-deps
273:3  Warning: 'enableVirtualization' is assigned a value but never used.  @typescript-eslint/no-unused-vars
278:9  Warning: 'performance' is assigned a value but never used.  @typescript-eslint/no-unused-vars

./src/components/PhoneInput.tsx
20:3  Warning: 'value' is defined but never used.  @typescript-eslint/no-unused-vars
23:3  Warning: 'placeholder' is assigned a value but never used.  @typescript-eslint/no-unused-vars

./src/components/PremiumContentGuard.tsx
20:3  Warning: 'contentType' is assigned a value but never used.  @typescript-eslint/no-unused-vars

./src/components/PremiumHistoryModal.tsx
28:6  Warning: React Hook useEffect has a missing dependency: 'loadHistory'. Either include it or remove the 
dependency array.  react-hooks/exhaustive-deps
68:11  Warning: 'usedDate' is assigned a value but never used.  @typescript-eslint/no-unused-vars
80:11  Warning: 'usedDate' is assigned a value but never used.  @typescript-eslint/no-unused-vars
125:32  Error: `'` can be escaped with `&apos;`, `&lsquo;`, `&#39;`, `&rsquo;`.  react/no-unescaped-entities
130:34  Warning: 'index' is defined but never used.  @typescript-eslint/no-unused-vars

./src/components/PWAInstaller.tsx
34:44  Warning: Unexpected any. Specify a different type.  @typescript-eslint/no-explicit-any
185:44  Warning: Unexpected any. Specify a different type.  @typescript-eslint/no-explicit-any

./src/components/PWAKeyboardShortcuts.tsx
125:6  Warning: React Hook useEffect has a missing dependency: 'showPWAInfo'. Either include it or remove the 
dependency array.  react-hooks/exhaustive-deps
161:11  Warning: 'userAgent' is assigned a value but never used.  @typescript-eslint/no-unused-vars

./src/components/RatingSystem.tsx
38:6  Warning: React Hook useEffect has a missing dependency: 'loadUserRating'. Either include it or remove the 
dependency array.  react-hooks/exhaustive-deps

./src/components/Recommendations.tsx
40:6  Warning: React Hook useEffect has a missing dependency: 'loadRecommendations'. Either include it or remove the 
dependency array.  react-hooks/exhaustive-deps
157:60  Warning: Unexpected any. Specify a different type.  @typescript-eslint/no-explicit-any

./src/components/ResponsiveNavigation.tsx
254:42  Error: `'` can be escaped with `&apos;`, `&lsquo;`, `&#39;`, `&rsquo;`.  react/no-unescaped-entities

./src/components/ResponsiveTable.tsx
15:20  Warning: Unexpected any. Specify a different type.  @typescript-eslint/no-explicit-any
41:66  Warning: Unexpected any. Specify a different type.  @typescript-eslint/no-explicit-any
290:57  Warning: Unexpected any. Specify a different type.  @typescript-eslint/no-explicit-any

./src/components/ResponsiveTest.tsx
11:10  Warning: 'searchQuery' is assigned a value but never used.  @typescript-eslint/no-unused-vars
11:23  Warning: 'setSearchQuery' is assigned a value but never used.  @typescript-eslint/no-unused-vars
192:27  Warning: 'item' is defined but never used.  @typescript-eslint/no-unused-vars
207:27  Warning: 'item' is defined but never used.  @typescript-eslint/no-unused-vars

./src/components/RestrictedButton.tsx
28:3  Warning: 'title' is defined but never used.  @typescript-eslint/no-unused-vars

./src/components/ReviewsSection.tsx
15:53  Warning: 'contentType' is defined but never used.  @typescript-eslint/no-unused-vars
28:6  Warning: React Hook useEffect has missing dependencies: 'loadReviews' and 'loadUserReview'. Either include them 
or remove the dependency array.  react-hooks/exhaustive-deps

./src/components/SafeVideoPlayer.tsx
4:10  Warning: 'PlayIcon' is defined but never used.  @typescript-eslint/no-unused-vars
43:10  Warning: 'isPlaying' is assigned a value but never used.  @typescript-eslint/no-unused-vars
74:29  Warning: 'e' is defined but never used.  @typescript-eslint/no-unused-vars

./src/components/SearchBar.tsx
79:6  Warning: React Hook useEffect has a missing dependency: 'performSearch'. Either include it or remove the 
dependency array.  react-hooks/exhaustive-deps

./src/components/SecurityDashboard.tsx
11:3  Warning: 'UserIcon' is defined but never used.  @typescript-eslint/no-unused-vars
12:3  Warning: 'ComputerDesktopIcon' is defined but never used.  @typescript-eslint/no-unused-vars
33:6  Warning: React Hook useEffect has a missing dependency: 'loadSecurityData'. Either include it or remove the 
dependency array.  react-hooks/exhaustive-deps

./src/components/SeriesManager.tsx
36:10  Warning: 'editingEpisode' is assigned a value but never used.  @typescript-eslint/no-unused-vars
36:26  Warning: 'setEditingEpisode' is assigned a value but never used.  @typescript-eslint/no-unused-vars
233:29  Warning: Using `<img>` could result in slower LCP and higher bandwidth. Consider using `<Image />` from 
`next/image` or a custom image loader to automatically optimize images. This may incur additional usage or cost from 
your provider. See: https://nextjs.org/docs/messages/no-img-element  @next/next/no-img-element

./src/components/SeriesPreview.tsx
67:15  Warning: Using `<img>` could result in slower LCP and higher bandwidth. Consider using `<Image />` from 
`next/image` or a custom image loader to automatically optimize images. This may incur additional usage or cost from 
your provider. See: https://nextjs.org/docs/messages/no-img-element  @next/next/no-img-element
186:27  Warning: Using `<img>` could result in slower LCP and higher bandwidth. Consider using `<Image />` from 
`next/image` or a custom image loader to automatically optimize images. This may incur additional usage or cost from 
your provider. See: https://nextjs.org/docs/messages/no-img-element  @next/next/no-img-element

./src/components/SubscriptionManagementModal.tsx
7:3  Warning: 'PlusIcon' is defined but never used.  @typescript-eslint/no-unused-vars
12:3  Warning: 'ClockIcon' is defined but never used.  @typescript-eslint/no-unused-vars
39:10  Warning: 'currentSubscription' is assigned a value but never used.  @typescript-eslint/no-unused-vars
58:6  Warning: React Hook useEffect has a missing dependency: 'loadData'. Either include it or remove the dependency 
array.  react-hooks/exhaustive-deps
335:53  Warning: 'index' is defined but never used.  @typescript-eslint/no-unused-vars

./src/components/TokenWarning.tsx
5:46  Warning: 'CheckCircleIcon' is defined but never used.  @typescript-eslint/no-unused-vars
23:9  Warning: 'isWarning' is assigned a value but never used.  @typescript-eslint/no-unused-vars

./src/components/UniversalMediaPlayer.tsx
11:3  Warning: 'PhotoIcon' is defined but never used.  @typescript-eslint/no-unused-vars
12:3  Warning: 'VideoCameraIcon' is defined but never used.  @typescript-eslint/no-unused-vars
15:10  Warning: 'VideoService' is defined but never used.  @typescript-eslint/no-unused-vars
16:10  Warning: 'ImageService' is defined but never used.  @typescript-eslint/no-unused-vars
49:3  Warning: 'controls' is assigned a value but never used.  @typescript-eslint/no-unused-vars

./src/components/UniversalVideoPlayer.tsx
8:8  Warning: 'WebtorPlayer' is defined but never used.  @typescript-eslint/no-unused-vars
11:10  Warning: 'WebtorService' is defined but never used.  @typescript-eslint/no-unused-vars
79:10  Warning: 'isAccessible' is assigned a value but never used.  @typescript-eslint/no-unused-vars

./src/components/UserFriendlyError.tsx
8:10  Warning: Unexpected any. Specify a different type.  @typescript-eslint/no-explicit-any
26:42  Warning: Unexpected any. Specify a different type.  @typescript-eslint/no-explicit-any

./src/components/UserProfile.tsx
32:6  Warning: React Hook useEffect has a missing dependency: 'loadUserProfile'. Either include it or remove the 
dependency array.  react-hooks/exhaustive-deps
123:15  Warning: Using `<img>` could result in slower LCP and higher bandwidth. Consider using `<Image />` from 
`next/image` or a custom image loader to automatically optimize images. This may incur additional usage or cost from 
your provider. See: https://nextjs.org/docs/messages/no-img-element  @next/next/no-img-element
311:96  Warning: Unexpected any. Specify a different type.  @typescript-eslint/no-explicit-any

./src/components/UserSecurityLogs.tsx
27:6  Warning: React Hook useEffect has a missing dependency: 'loadSecurityLogs'. Either include it or remove the 
dependency array.  react-hooks/exhaustive-deps

./src/components/UserSessionManagementModal.tsx
7:10  Warning: 'userDatabase' is defined but never used.  @typescript-eslint/no-unused-vars
37:6  Warning: React Hook useEffect has a missing dependency: 'loadUserData'. Either include it or remove the 
dependency array.  react-hooks/exhaustive-deps

./src/components/VideoPlayer.tsx
41:10  Warning: 'savedProgress' is assigned a value but never used.  @typescript-eslint/no-unused-vars
231:6  Warning: React Hook useEffect has missing dependencies: 'toggleMute' and 'togglePlay'. Either include them or 
remove the dependency array.  react-hooks/exhaustive-deps

./src/components/VideoPlayerSection.tsx
3:27  Warning: 'useEffect' is defined but never used.  @typescript-eslint/no-unused-vars
8:8  Warning: 'VideoPlayer' is defined but never used.  @typescript-eslint/no-unused-vars
20:19  Warning: Unexpected any. Specify a different type.  @typescript-eslint/no-explicit-any
21:33  Warning: Unexpected any. Specify a different type.  @typescript-eslint/no-explicit-any
38:10  Warning: 'premiumStatus' is assigned a value but never used.  @typescript-eslint/no-unused-vars
183:35  Warning: Unexpected any. Specify a different type.  @typescript-eslint/no-explicit-any
339:17  Warning: Using `<img>` could result in slower LCP and higher bandwidth. Consider using `<Image />` from 
`next/image` or a custom image loader to automatically optimize images. This may incur additional usage or cost from 
your provider. See: https://nextjs.org/docs/messages/no-img-element  @next/next/no-img-element
553:29  Warning: Using `<img>` could result in slower LCP and higher bandwidth. Consider using `<Image />` from 
`next/image` or a custom image loader to automatically optimize images. This may incur additional usage or cost from 
your provider. See: https://nextjs.org/docs/messages/no-img-element  @next/next/no-img-element

./src/components/Watchlist.tsx
39:6  Warning: React Hook useEffect has a missing dependency: 'loadWatchlist'. Either include it or remove the 
dependency array.  react-hooks/exhaustive-deps
173:60  Warning: Unexpected any. Specify a different type.  @typescript-eslint/no-explicit-any
187:60  Warning: Unexpected any. Specify a different type.  @typescript-eslint/no-explicit-any
231:23  Warning: Using `<img>` could result in slower LCP and higher bandwidth. Consider using `<Image />` from 
`next/image` or a custom image loader to automatically optimize images. This may incur additional usage or cost from 
your provider. See: https://nextjs.org/docs/messages/no-img-element  @next/next/no-img-element

./src/components/WebtorConfiguration.tsx
125:6  Warning: React Hook useEffect has a missing dependency: 'updateConfig'. Either include it or remove the 
dependency array.  react-hooks/exhaustive-deps

./src/components/WebtorPlayer.tsx
27:28  Warning: Unexpected any. Specify a different type.  @typescript-eslint/no-explicit-any
52:3  Warning: 'onTimeUpdate' is defined but never used.  @typescript-eslint/no-unused-vars
57:40  Warning: Unexpected any. Specify a different type.  @typescript-eslint/no-explicit-any
187:15  Warning: 'webtorPlayer' is assigned a value but never used.  @typescript-eslint/no-unused-vars
211:6  Warning: React Hook useEffect has a missing dependency: 'hasValidUrl'. Either include it or remove the 
dependency array.  react-hooks/exhaustive-deps

./src/components/WebtorPlayerDirect.tsx
36:58  Warning: Unexpected any. Specify a different type.  @typescript-eslint/no-explicit-any
58:22  Warning: Unexpected any. Specify a different type.  @typescript-eslint/no-explicit-any
58:47  Warning: Unexpected any. Specify a different type.  @typescript-eslint/no-explicit-any
98:23  Warning: Unexpected any. Specify a different type.  @typescript-eslint/no-explicit-any
131:20  Warning: Unexpected any. Specify a different type.  @typescript-eslint/no-explicit-any
200:110  Warning: Unexpected any. Specify a different type.  @typescript-eslint/no-explicit-any

./src/components/WebtorPlayerSimple.tsx
35:57  Warning: Unexpected any. Specify a different type.  @typescript-eslint/no-explicit-any
60:22  Warning: Unexpected any. Specify a different type.  @typescript-eslint/no-explicit-any
60:47  Warning: Unexpected any. Specify a different type.  @typescript-eslint/no-explicit-any
101:23  Warning: Unexpected any. Specify a different type.  @typescript-eslint/no-explicit-any
130:20  Warning: Unexpected any. Specify a different type.  @typescript-eslint/no-explicit-any
193:110  Warning: Unexpected any. Specify a different type.  @typescript-eslint/no-explicit-any

./src/components/WebtorVideoElement.tsx
39:57  Warning: Unexpected any. Specify a different type.  @typescript-eslint/no-explicit-any

./src/components/YouTubePlayer.tsx
19:3  Warning: 'width' is assigned a value but never used.  @typescript-eslint/no-unused-vars
20:3  Warning: 'height' is assigned a value but never used.  @typescript-eslint/no-unused-vars

./src/hooks/useErrorHandler.ts
5:27  Warning: 'ErrorMessages' is defined but never used.  @typescript-eslint/no-unused-vars
13:24  Warning: Unexpected any. Specify a different type.  @typescript-eslint/no-explicit-any
13:39  Warning: Unexpected any. Specify a different type.  @typescript-eslint/no-explicit-any
14:45  Warning: Unexpected any. Specify a different type.  @typescript-eslint/no-explicit-any
14:61  Warning: Unexpected any. Specify a different type.  @typescript-eslint/no-explicit-any
14:77  Warning: Unexpected any. Specify a different type.  @typescript-eslint/no-explicit-any
26:43  Warning: Unexpected any. Specify a different type.  @typescript-eslint/no-explicit-any
26:58  Warning: Unexpected any. Specify a different type.  @typescript-eslint/no-explicit-any
44:70  Warning: Unexpected any. Specify a different type.  @typescript-eslint/no-explicit-any
44:86  Warning: Unexpected any. Specify a different type.  @typescript-eslint/no-explicit-any

./src/hooks/useKeyboardShortcuts.ts
29:37  Warning: 'altKey' is assigned a value but never used.  @typescript-eslint/no-unused-vars

./src/lib/activity-service.ts
18:20  Warning: Unexpected any. Specify a different type.  @typescript-eslint/no-explicit-any
97:58  Warning: Unexpected any. Specify a different type.  @typescript-eslint/no-explicit-any
183:61  Warning: Unexpected any. Specify a different type.  @typescript-eslint/no-explicit-any

./src/lib/admin-content-service.ts
511:65  Warning: Unexpected any. Specify a different type.  @typescript-eslint/no-explicit-any
586:40  Warning: Unexpected any. Specify a different type.  @typescript-eslint/no-explicit-any
603:48  Warning: Unexpected any. Specify a different type.  @typescript-eslint/no-explicit-any
756:13  Warning: 'movies' is assigned a value but never used.  @typescript-eslint/no-unused-vars
757:13  Warning: 'series' is assigned a value but never used.  @typescript-eslint/no-unused-vars
793:85  Warning: Unexpected any. Specify a different type.  @typescript-eslint/no-explicit-any
826:64  Warning: Unexpected any. Specify a different type.  @typescript-eslint/no-explicit-any
837:47  Warning: Unexpected any. Specify a different type.  @typescript-eslint/no-explicit-any
902:40  Warning: Unexpected any. Specify a different type.  @typescript-eslint/no-explicit-any

./src/lib/admin-management.ts
3:17  Warning: 'AdminPermission' is defined but never used.  @typescript-eslint/no-unused-vars
206:19  Warning: 'username' is defined but never used.  @typescript-eslint/no-unused-vars
311:14  Warning: 'error' is defined but never used.  @typescript-eslint/no-unused-vars

./src/lib/admin-security.ts
3:10  Warning: 'EncryptionService' is defined but never used.  @typescript-eslint/no-unused-vars
209:66  Warning: 'details' is defined but never used.  @typescript-eslint/no-unused-vars

./src/lib/advanced-cache.ts
29:32  Warning: Unexpected any. Specify a different type.  @typescript-eslint/no-explicit-any

./src/lib/analytics-service.ts
13:29  Warning: Unexpected any. Specify a different type.  @typescript-eslint/no-explicit-any
106:31  Warning: Unexpected any. Specify a different type.  @typescript-eslint/no-explicit-any
205:42  Warning: 'event' is defined but never used.  @typescript-eslint/no-unused-vars
258:45  Warning: 'event' is defined but never used.  @typescript-eslint/no-unused-vars
575:29  Warning: Unexpected any. Specify a different type.  @typescript-eslint/no-explicit-any

./src/lib/auth-context.tsx
10:10  Warning: 'EncryptionService' is defined but never used.  @typescript-eslint/no-unused-vars
22:22  Warning: Unexpected any. Specify a different type.  @typescript-eslint/no-explicit-any
35:22  Warning: Unexpected any. Specify a different type.  @typescript-eslint/no-explicit-any

./src/lib/cache-service.ts
11:53  Warning: Unexpected any. Specify a different type.  @typescript-eslint/no-explicit-any
132:32  Warning: 'id' is defined but never used.  @typescript-eslint/no-unused-vars
185:6  Warning: React Hook React.useEffect has a missing dependency: 'fetcher'. Either include it or remove the 
dependency array.  react-hooks/exhaustive-deps

./src/lib/data-management-service.ts
8:12  Warning: Unexpected any. Specify a different type.  @typescript-eslint/no-explicit-any
9:19  Warning: Unexpected any. Specify a different type.  @typescript-eslint/no-explicit-any
10:20  Warning: Unexpected any. Specify a different type.  @typescript-eslint/no-explicit-any
11:19  Warning: Unexpected any. Specify a different type.  @typescript-eslint/no-explicit-any
12:16  Warning: Unexpected any. Specify a different type.  @typescript-eslint/no-explicit-any
13:14  Warning: Unexpected any. Specify a different type.  @typescript-eslint/no-explicit-any
14:18  Warning: Unexpected any. Specify a different type.  @typescript-eslint/no-explicit-any
15:16  Warning: Unexpected any. Specify a different type.  @typescript-eslint/no-explicit-any
16:19  Warning: Unexpected any. Specify a different type.  @typescript-eslint/no-explicit-any
17:18  Warning: Unexpected any. Specify a different type.  @typescript-eslint/no-explicit-any
18:16  Warning: Unexpected any. Specify a different type.  @typescript-eslint/no-explicit-any
19:18  Warning: Unexpected any. Specify a different type.  @typescript-eslint/no-explicit-any
20:20  Warning: Unexpected any. Specify a different type.  @typescript-eslint/no-explicit-any
21:22  Warning: Unexpected any. Specify a different type.  @typescript-eslint/no-explicit-any
22:19  Warning: Unexpected any. Specify a different type.  @typescript-eslint/no-explicit-any
25:13  Warning: Unexpected any. Specify a different type.  @typescript-eslint/no-explicit-any
26:13  Warning: Unexpected any. Specify a different type.  @typescript-eslint/no-explicit-any
29:16  Warning: Unexpected any. Specify a different type.  @typescript-eslint/no-explicit-any
32:20  Warning: Unexpected any. Specify a different type.  @typescript-eslint/no-explicit-any
33:20  Warning: Unexpected any. Specify a different type.  @typescript-eslint/no-explicit-any
34:18  Warning: Unexpected any. Specify a different type.  @typescript-eslint/no-explicit-any
35:19  Warning: Unexpected any. Specify a different type.  @typescript-eslint/no-explicit-any
36:20  Warning: Unexpected any. Specify a different type.  @typescript-eslint/no-explicit-any
37:22  Warning: Unexpected any. Specify a different type.  @typescript-eslint/no-explicit-any
40:19  Warning: Unexpected any. Specify a different type.  @typescript-eslint/no-explicit-any
41:24  Warning: Unexpected any. Specify a different type.  @typescript-eslint/no-explicit-any
42:32  Warning: Unexpected any. Specify a different type.  @typescript-eslint/no-explicit-any
43:24  Warning: Unexpected any. Specify a different type.  @typescript-eslint/no-explicit-any
44:23  Warning: Unexpected any. Specify a different type.  @typescript-eslint/no-explicit-any
45:29  Warning: Unexpected any. Specify a different type.  @typescript-eslint/no-explicit-any
46:19  Warning: Unexpected any. Specify a different type.  @typescript-eslint/no-explicit-any
47:25  Warning: Unexpected any. Specify a different type.  @typescript-eslint/no-explicit-any
48:23  Warning: Unexpected any. Specify a different type.  @typescript-eslint/no-explicit-any
49:29  Warning: Unexpected any. Specify a different type.  @typescript-eslint/no-explicit-any
52:29  Warning: Unexpected any. Specify a different type.  @typescript-eslint/no-explicit-any
55:21  Warning: Unexpected any. Specify a different type.  @typescript-eslint/no-explicit-any
142:12  Warning: Unexpected any. Specify a different type.  @typescript-eslint/no-explicit-any
817:46  Warning: Unexpected any. Specify a different type.  @typescript-eslint/no-explicit-any
829:51  Warning: Unexpected any. Specify a different type.  @typescript-eslint/no-explicit-any
1133:45  Warning: Unexpected any. Specify a different type.  @typescript-eslint/no-explicit-any
1186:37  Warning: 'action' is defined but never used.  @typescript-eslint/no-unused-vars
1297:56  Warning: Unexpected any. Specify a different type.  @typescript-eslint/no-explicit-any
1330:39  Warning: Unexpected any. Specify a different type.  @typescript-eslint/no-explicit-any
1341:52  Warning: Unexpected any. Specify a different type.  @typescript-eslint/no-explicit-any

./src/lib/data-recovery-service.ts
57:18  Warning: 'error' is defined but never used.  @typescript-eslint/no-unused-vars
91:18  Warning: 'error' is defined but never used.  @typescript-eslint/no-unused-vars
102:54  Warning: Unexpected any. Specify a different type.  @typescript-eslint/no-explicit-any
123:18  Warning: 'error' is defined but never used.  @typescript-eslint/no-unused-vars
165:48  Warning: Unexpected any. Specify a different type.  @typescript-eslint/no-explicit-any
221:20  Warning: 'error' is defined but never used.  @typescript-eslint/no-unused-vars

./src/lib/encryption-service.ts
11:7  Warning: 'AES_KEY_LENGTH' is assigned a value but never used.  @typescript-eslint/no-unused-vars
12:7  Warning: 'GCM_IV_LENGTH' is assigned a value but never used.  @typescript-eslint/no-unused-vars
82:28  Warning: Unexpected any. Specify a different type.  @typescript-eslint/no-explicit-any
108:66  Warning: Unexpected any. Specify a different type.  @typescript-eslint/no-explicit-any
156:36  Warning: Unexpected any. Specify a different type.  @typescript-eslint/no-explicit-any
156:42  Warning: Unexpected any. Specify a different type.  @typescript-eslint/no-explicit-any
172:45  Warning: Unexpected any. Specify a different type.  @typescript-eslint/no-explicit-any
172:51  Warning: Unexpected any. Specify a different type.  @typescript-eslint/no-explicit-any
193:53  Warning: Unexpected any. Specify a different type.  @typescript-eslint/no-explicit-any
207:48  Warning: Unexpected any. Specify a different type.  @typescript-eslint/no-explicit-any
236:27  Warning: Unexpected any. Specify a different type.  @typescript-eslint/no-explicit-any

./src/lib/error-logger.ts
14:15  Warning: Unexpected any. Specify a different type.  @typescript-eslint/no-explicit-any
239:33  Warning: Unexpected any. Specify a different type.  @typescript-eslint/no-explicit-any

./src/lib/error-messages.ts
71:40  Warning: Unexpected any. Specify a different type.  @typescript-eslint/no-explicit-any
107:61  Warning: Unexpected any. Specify a different type.  @typescript-eslint/no-explicit-any

./src/lib/excel-service.ts
168:27  Warning: Unexpected any. Specify a different type.  @typescript-eslint/no-explicit-any
172:28  Warning: Unexpected any. Specify a different type.  @typescript-eslint/no-explicit-any
276:11  Warning: 'instructionRow' is assigned a value but never used.  @typescript-eslint/no-unused-vars

./src/lib/geographic-service.ts
250:13  Warning: 'restrictions' is assigned a value but never used.  @typescript-eslint/no-unused-vars

./src/lib/image-service.ts
97:77  Warning: 'quality' is assigned a value but never used.  @typescript-eslint/no-unused-vars

./src/lib/notification-service.ts
40:36  Warning: Unexpected any. Specify a different type.  @typescript-eslint/no-explicit-any

./src/lib/offline-download-service.ts
249:14  Warning: 'error' is defined but never used.  @typescript-eslint/no-unused-vars

./src/lib/performance-utils.ts
31:24  Warning: 'dynamicImport' is assigned a value but never used.  @typescript-eslint/no-unused-vars
69:54  Warning: Unexpected any. Specify a different type.  @typescript-eslint/no-explicit-any
187:55  Warning: Unexpected any. Specify a different type.  @typescript-eslint/no-explicit-any
235:51  Warning: Unexpected any. Specify a different type.  @typescript-eslint/no-explicit-any
237:57  Warning: Unexpected any. Specify a different type.  @typescript-eslint/no-explicit-any
250:54  Warning: Unexpected any. Specify a different type.  @typescript-eslint/no-explicit-any
250:64  Warning: Unexpected any. Specify a different type.  @typescript-eslint/no-explicit-any
252:5  Warning: 'deps' is defined but never used.  @typescript-eslint/no-unused-vars
254:5  Error: Use "@ts-expect-error" instead of "@ts-ignore", as "@ts-ignore" will do nothing if the following line is 
error-free.  @typescript-eslint/ban-ts-comment
261:5  Warning: 'deps' is defined but never used.  @typescript-eslint/no-unused-vars
263:5  Error: Use "@ts-expect-error" instead of "@ts-ignore", as "@ts-ignore" will do nothing if the following line is 
error-free.  @typescript-eslint/ban-ts-comment
279:3  Warning: React Hook useEffect contains a call to 'setMetrics'. Without a list of dependencies, this can lead to 
an infinite chain of updates. To fix this, pass [] as a second argument to the useEffect Hook.  
react-hooks/exhaustive-deps

./src/lib/reviews-service.ts
35:35  Warning: Unexpected any. Specify a different type.  @typescript-eslint/no-explicit-any

./src/lib/security-logger.ts
6:10  Warning: 'EncryptionService' is defined but never used.  @typescript-eslint/no-unused-vars
19:27  Warning: Unexpected any. Specify a different type.  @typescript-eslint/no-explicit-any
89:29  Warning: Unexpected any. Specify a different type.  @typescript-eslint/no-explicit-any
139:29  Warning: Unexpected any. Specify a different type.  @typescript-eslint/no-explicit-any
168:29  Warning: Unexpected any. Specify a different type.  @typescript-eslint/no-explicit-any
190:29  Warning: Unexpected any. Specify a different type.  @typescript-eslint/no-explicit-any
210:29  Warning: Unexpected any. Specify a different type.  @typescript-eslint/no-explicit-any
352:5  Warning: 'details' is defined but never used.  @typescript-eslint/no-unused-vars
352:29  Warning: Unexpected any. Specify a different type.  @typescript-eslint/no-explicit-any
535:58  Warning: Unexpected any. Specify a different type.  @typescript-eslint/no-explicit-any
535:80  Warning: Unexpected any. Specify a different type.  @typescript-eslint/no-explicit-any
571:29  Warning: Unexpected any. Specify a different type.  @typescript-eslint/no-explicit-any
593:33  Warning: Unexpected any. Specify a different type.  @typescript-eslint/no-explicit-any

./src/lib/session-manager.ts
225:19  Warning: 'userId' is defined but never used.  @typescript-eslint/no-unused-vars

./src/lib/subscription-notifications-service.ts
97:36  Warning: Unexpected any. Specify a different type.  @typescript-eslint/no-explicit-any

./src/lib/svg-service.ts
179:7  Warning: 'showLegend' is assigned a value but never used.  @typescript-eslint/no-unused-vars

./src/lib/token-manager.ts
6:13  Warning: Unexpected any. Specify a different type.  @typescript-eslint/no-explicit-any

./src/lib/user-database.ts
3:10  Warning: 'EncryptionService' is defined but never used.  @typescript-eslint/no-unused-vars
288:33  Warning: Unexpected any. Specify a different type.  @typescript-eslint/no-explicit-any
306:32  Warning: Unexpected any. Specify a different type.  @typescript-eslint/no-explicit-any
317:30  Warning: Unexpected any. Specify a different type.  @typescript-eslint/no-explicit-any

./src/lib/user-profile-service.ts
289:26  Warning: 'entry' is defined but never used.  @typescript-eslint/no-unused-vars

./src/lib/video-link-detector.ts
221:47  Warning: 'url' is defined but never used.  @typescript-eslint/no-unused-vars

./src/lib/video-service.ts
112:44  Warning: 'quality' is assigned a value but never used.  @typescript-eslint/no-unused-vars
135:27  Warning: Unexpected any. Specify a different type.  @typescript-eslint/no-explicit-any
135:50  Warning: Unexpected any. Specify a different type.  @typescript-eslint/no-explicit-any
137:29  Warning: Unexpected any. Specify a different type.  @typescript-eslint/no-explicit-any

./src/lib/webtor-service.ts
59:9  Warning: Unexpected any. Specify a different type.  @typescript-eslint/no-explicit-any
109:55  Warning: Unexpected any. Specify a different type.  @typescript-eslint/no-explicit-any
123:22  Warning: Unexpected any. Specify a different type.  @typescript-eslint/no-explicit-any
123:47  Warning: Unexpected any. Specify a different type.  @typescript-eslint/no-explicit-any
144:31  Warning: Unexpected any. Specify a different type.  @typescript-eslint/no-explicit-any

./src/types/errors.ts
12:13  Warning: Unexpected any. Specify a different type.  @typescript-eslint/no-explicit-any

./src/__tests__/lib/input-validation.test.ts
26:37  Warning: Unexpected any. Specify a different type.  @typescript-eslint/no-explicit-any
60:32  Warning: Unexpected any. Specify a different type.  @typescript-eslint/no-explicit-any
114:32  Warning: Unexpected any. Specify a different type.  @typescript-eslint/no-explicit-any

info  - Need to disable some ESLint rules? Learn more here: 
https://nextjs.org/docs/app/api-reference/config/eslint#disabling-rules
